
> bea-app@0.1.0 test
> jest

node.exe : FAIL __tests__/form.test.tsx
At C:\Users\Kalanga\AppData\Roaming\npm\npm.ps1:24 char:5
+     & "node$exe"  "$basedir/node_modules/npm/bin/npm-cli.js" $args
+     ~~~~~~~~~~~~~~~~~~~~~~~~~~~~~~~~~~~~~~~~~~~~~~~~~~~~~~~~~~~~~~
    + CategoryInfo          : NotSpecified: (FAIL __tests__/form.test.tsx:String 
   ) [], RemoteException
    + FullyQualifiedErrorId : NativeCommandError
 
  Clinic Earnings Form
    ÔêÜ renders the first step correctly (90 ms)
    ÔêÜ validates required fields in step 1 (449 ms)
    ├ù calculates totals correctly in confirmation step (352 ms)

  ÔùÅ Clinic Earnings Form ÔÇ║ calculates totals correctly in confirmation step

    TestingLibraryElementError: Found multiple elements with the text: 100.00Ôé¼

    Here are the matching elements:

    Ignored nodes: comments, script, style
    [36m<span>[39m
      [0m100.00Ôé¼[0m
    [36m</span>[39m

    Ignored nodes: comments, script, style
    [36m<span>[39m
      [0m100.00[0m
      [0mÔé¼[0m
    [36m</span>[39m

    (If this is intentional, then use the `*AllBy*` variant of the query (like 
`queryAllByText`, `getAllByText`, or `findAllByText`)).

    Ignored nodes: comments, script, style
    [36m<body>[39m
      [36m<div>[39m
        [36m<div[39m
          [33mclass[39m=[32m"flex flex-col items-center min-h-screen gap-8 
p-4 pt-12"[39m
        [36m>[39m
          [36m<div[39m
            [33mclass[39m=[32m"w-full max-w-3xl p-8 border-2 border-black 
shadow-[10px_10px_0px_0px_rgba(0,0,0,1)] bg-white"[39m
          [36m>[39m
            [36m<div[39m
              [33mclass[39m=[32m"flex w-full flex-col"[39m
            [36m>[39m
              [36m<div[39m
                [33mclass[39m=[32m"flex w-full flex-row items-center 
justify-between"[39m
              [36m>[39m
                [36m<div[39m
                  [33mclass[39m=[32m"flex flex-col items-center justify-start 
flex-1 mx-2 first:ml-0 last:mr-0"[39m
                [36m>[39m
                  [36m<div[39m
                    [33mclass[39m=[32m"flex flex-col items-center w-full"[39m
                  [36m>[39m
                    [36m<button[39m
                      [33maria-label[39m=[32m"Passo 1: Tratamentos - 
Conclu├¡do"[39m
                      [33mclass[39m=[32m"flex items-center justify-center 
rounded-lg border-2 border-black font-bold transition-all focus:outline-none 
focus:ring-2 focus:ring-offset-2 focus:ring-offset-white focus:ring-black 
flex-shrink-0 w-10 h-10 bg-green-500 text-white 
shadow-[6px_6px_0px_0px_rgba(0,70,0,1)]"[39m
                      [33mtype[39m=[32m"button"[39m
                    [36m>[39m
                      [0mÔ£ô[0m
                    [36m</button>[39m
                    [36m<div[39m
                      [33mclass[39m=[32m"mt-2 text-center w-full px-1"[39m
                    [36m>[39m
                      [36m<p[39m
                        [33mclass[39m=[32m"font-bold text-sm truncate 
w-full"[39m
                      [36m>[39m
                        [0mTratamentos[0m
                      [36m</p>[39m
                    [36m</div>[39m
                  [36m</div>[39m
                [36m</div>[39m
                [36m<div[39m
                  [33mclass[39m=[32m"flex flex-col items-center justify-start 
flex-1 mx-2 first:ml-0 last:mr-0"[39m
                [36m>[39m
                  [36m<div[39m
                    [33mclass[39m=[32m"flex flex-col items-center w-full"[39m
                  [36m>[39m
                    [36m<button[39m
                      [33maria-label[39m=[32m"Passo 2: Custos - 
Conclu├¡do"[39m
                      [33mclass[39m=[32m"flex items-center justify-center 
rounded-lg border-2 border-black font-bold transition-all focus:outline-none 
focus:ring-2 focus:ring-offset-2 focus:ring-offset-white focus:ring-black 
flex-shrink-0 w-10 h-10 bg-green-500 text-white 
shadow-[6px_6px_0px_0px_rgba(0,70,0,1)]"[39m
                      [33mtype[39m=[32m"button"[39m
                    [36m>[39m
                      [0mÔ£ô[0m
                    [36m</button>[39m
                    [36m<div[39m
                      [33mclass[39m=[32m"mt-2 text-center w-full px-1"[39m
                    [36m>[39m
                      [36m<p[39m
                        [33mclass[39m=[32m"font-bold text-sm truncate 
w-full"[39m
                      [36m>[39m
                        [0mCustos[0m
                      [36m</p>[39m
                    [36m</div>[39m
                  [36m</div>[39m
                [36m</div>[39m
                [36m<div[39m
                  [33mclass[39m=[32m"flex flex-col items-center justify-start 
flex-1 mx-2 first:ml-0 last:mr-0"[39m
                [36m>[39m
                  [36m<div[39m
                    [33mclass[39m=[32m"flex flex-col items-center w-full"[39m
                  [36m>[39m
                    [36m<button[39m
                      [33maria-label[39m=[32m"Passo 3: Informa├º├Áes da 
Cl├¡nica - Conclu├¡do"[39m
                      [33mclass[39m=[32m"flex items-center justify-center 
rounded-lg border-2 border-black font-bold transition-all focus:outline-none 
focus:ring-2 focus:ring-offset-2 focus:ring-offset-white focus:ring-black 
flex-shrink-0 w-10 h-10 bg-green-500 text-white 
shadow-[6px_6px_0px_0px_rgba(0,70,0,1)]"[39m
                      [33mtype[39m=[32m"button"[39m
                    [36m>[39m
                      [0mÔ£ô[0m
                    [36m</button>[39m
                    [36m<div[39m
                      [33mclass[39m=[32m"mt-2 text-center w-full px-1"[39m
                    [36m>[39m
                      [36m<p[39m
                        [33mclass[39m=[32m"font-bold text-sm truncate 
w-full"[39m
                      [36m>[39m
                        [0mInforma├º├Áes da Cl├¡nica[0m
                      [36m</p>[39m
                    [36m</div>[39m
                  [36m</div>[39m
                [36m</div>[39m
                [36m<div[39m
                  [33mclass[39m=[32m"flex flex-col items-center justify-start 
flex-1 mx-2 first:ml-0 last:mr-0"[39m
                [36m>[39m
                  [36m<div[39m
                    [33mclass[39m=[32m"flex flex-col items-center w-full"[39m
                  [36m>[39m
                    [36m<button[39m
                      [33maria-label[39m=[32m"Passo 4: E-mail - 
Conclu├¡do"[39m
                      [33mclass[39m=[32m"flex items-center justify-center 
rounded-lg border-2 border-black font-bold transition-all focus:outline-none 
focus:ring-2 focus:ring-offset-2 focus:ring-offset-white focus:ring-black 
flex-shrink-0 w-10 h-10 bg-green-500 text-white 
shadow-[6px_6px_0px_0px_rgba(0,70,0,1)]"[39m
                      [33mtype[39m=[32m"button"[39m
                    [36m>[39m
                      [0mÔ£ô[0m
                    [36m</button>[39m
                    [36m<div[39m
                      [33mclass[39m=[32m"mt-2 text-center w-full px-1"[39m
                    [36m>[39m
                      [36m<p[39m
                        [33mclass[39m=[32m"font-bold text-sm truncate 
w-full"[39m
                      [36m>[39m
                        [0mE-mail[0m
                      [36m</p>[39m
                    [36m</div>[39m
                  [36m</div>[39m
                [36m</div>[39m
                [36m<div[39m
                  [33mclass[39m=[32m"flex flex-col items-center justify-start 
flex-1 mx-2 first:ml-0 last:mr-0"[39m
                [36m>[39m
                  [36m<div[39m
                    [33mclass[39m=[32m"flex flex-col items-center w-full"[39m
                  [36m>[39m
                    [36m<button[39m
                      [33maria-current[39m=[32m"step"[39m
                      [33maria-label[39m=[32m"Passo 5: Confirma├º├úo - 
Ativo"[39m
                      [33mclass[39m=[32m"flex items-center justify-center 
rounded-lg border-2 border-black font-bold transition-all focus:outline-none 
focus:ring-2 focus:ring-offset-2 focus:ring-offset-white focus:ring-black 
flex-shrink-0 w-10 h-10 bg-main text-main-foreground 
shadow-[6px_6px_0px_0px_rgba(0,0,0,1)] scale-110"[39m
                      [33mtype[39m=[32m"button"[39m
                    [36m>[39m
                      [0m5[0m
                    [36m</button>[39m
                    [36m<div[39m
                      [33mclass[39m=[32m"mt-2 text-center w-full px-1"[39m
                    [36m>[39m
                      [36m<p[39m
                        [33mclass[39m=[32m"font-bold text-sm truncate 
w-full"[39m
                      [36m>[39m
                        [0mConfirma├º├úo[0m
                      [36m</p>[39m
                    [36m</div>[39m
                  [36m</div>[39m
                [36m</div>[39m
              [36m</div>[39m
              [36m<div[39m
                [33mclass[39m=[32m"mt-12 p-6 border-2 border-black 
bg-secondary-background shadow-[4px_4px_0px_0px_rgba(0,0,0,1)]"[39m
              [36m>[39m
                [36m<h2[39m
                  [33mclass[39m=[32m"text-xl font-bold mb-4"[39m
                [36m>[39m
                  [0mConfirma├º├úo[0m
                [36m</h2>[39m
                [36m<div[39m
                  [33mclass[39m=[32m"mb-6"[39m
                [36m>[39m
                  [36m<div[39m
                    [33mclass[39m=[32m"space-y-4"[39m
                  [36m>[39m
                    [36m<div[39m
                      [33mclass[39m=[32m"p-4 border-2 border-black 
bg-white"[39m
                    [36m>[39m
                      [36m<h3[39m
                        [33mclass[39m=[32m"font-bold text-lg mb-2"[39m
                      [36m>[39m
                        [0mResumo da Cl├¡nica[0m
                      [36m</h3>[39m
                      [36m<p>[39m
                        [36m<span[39m
                          [33mclass[39m=[32m"font-bold"[39m
                        [36m>[39m
                          [0mCl├¡nica:[0m
                        [36m</span>[39m
                        [0m [0m
                        [0mSmile.up[0m
                      [36m</p>[39m
                      [36m<p>[39m
                        [36m<span[39m
                          [33mclass[39m=[32m"font-bold"[39m
                        [36m>[39m
                          [0mPercentagem do Contrato:[0m
                        [36m</span>[39m
                        [0m [0m
                        [0m50[0m
                        [0m%[0m
                      [36m</p>[39m
                      [36m<p>[39m
                        [36m<span[39m
                          [33mclass[39m=[32m"font-bold"[39m
                        [36m>[39m
                          [0mEmail para Relat├│rio:[0m
                        [36m</span>[39m
                        [0m [0m
                        [0mtest@example.com[0m
                      [36m</p>[39m
                    [36m</div>[39m
                    [36m<div[39m
                      [33mclass[39m=[32m"p-4 border-2 border-black 
bg-white"[39m
                    [36m>[39m
                      [36m<h3[39m
                        [33mclass[39m=[32m"font-bold text-lg mb-2"[39m
                      [36m>[39m
                        [0mTratamentos Realizados[0m
                      [36m</h3>[39m
                      [36m<div[39m
                        [33mclass[39m=[32m"flex justify-between mb-1"[39m
                      [36m>[39m
                        [36m<span>[39m
                          [0mLimpeza[0m
                        [36m</span>[39m
                        [36m<span>[39m
                          [0m100.00Ôé¼[0m
                        [36m</span>[39m
                      [36m</div>[39m
                      [36m<div[39m
                        [33mclass[39m=[32m"border-t-2 border-black mt-2 pt-2 
flex justify-between font-bold"[39m
                      [36m>[39m
                        [36m<span>[39m
                          [0mTotal Bruto:[0m
                        [36m</span>[39m
                        [36m<span>[39m
                          [0m100.00[0m
                          [0mÔé¼[0m
                        [36m</span>[39m
                      [36m</div>[39m
                    [36m</div>[39m
                    [36m<div[39m
                      [33mclass[39m=[32m"p-4 border-2 border-black 
bg-white"[39m
                    [36m>[39m
                      [36m<h3[39m
                        [33mclass[39m=[32m"font-bold text-lg mb-2"[39m
                      [36m>[39m
                        [0mCustos Deduzidos[0m
                      [36m</h3>[39m
                      [36m<div[39m
                        [33mclass[39m=[32m"flex justify-between mb-1"[39m
                      [36m>[39m
                        [36m<span>[39m
                          [0mMaterial[0m
                        [36m</span>[39m
                        [36m<span>[39m
                          [0m10.00Ôé¼[0m
                        [36m</span>[39m
                      [36m</div>[39m
                      [36m<div[39m
                        [33mclass[39m=[32m"border-t-2 border-black mt-2 pt-2 
flex justify-between font-bold"[39m
                      [36m>[39m
                        [36m<span>[39m
                          [0mTotal de Custos:[0m
                        [36m</span>[39m
                        [36m<span>[39m
                          [0m10.00[0m
                          [0mÔé¼[0m
                        [36m</span>[39m
                      [36m</div>[39m
                    [36m</div>[39m
                    [36m<div[39m
                      [33mclass[39m=[32m"p-4 border-2 border-black 
bg-white"[39m
                    [36m>[39m
                      [36m<div[39m
                        [33mclass[39m=[32m"border-t-2 border-black mt-2 pt-2 
flex justify-between font-bold text-lg"[39m
                      [36m>[39m
                        [36m<span>[39m
                          [0mGanhos L├¡quidos:[0m
                        [36m</span>[39m
                        [36m<span>[39m
                          [0m40.00[0m
                          [0mÔé¼[0m
                        [36m</span>[39m
                      [36m</div>[39m
                    [36m</div>[39m
                    [36m<div[39m
                      [33mclass[39m=[32m"flex items-center"[39m
                    [36m>[39m
                      [36m<input[39m
                        [33mclass[39m=[32m"w-5 h-5 mr-2 border-2 
border-black"[39m
                        [33mid[39m=[32m"confirmDetails"[39m
                        [33mname[39m=[32m"confirmDetails"[39m
                        [33mtype[39m=[32m"checkbox"[39m
                      [36m/>[39m
                      [36m<label[39m
                        [33mclass[39m=[32m"font-bold"[39m
                        [33mfor[39m=[32m"confirmDetails"[39m
                      [36m>[39m
                        [0mConfirmo que os dados est├úo corretos[0m
                      [36m</label>[39m
                    [36m</div>[39m
                  [36m</div>[39m
                [36m</div>[39m
                [36m<div[39m
                  [33mclass[39m=[32m"flex justify-between"[39m
                [36m>[39m
                  [36m<button[39m
                    [33mclass[39m=[32m"inline-flex items-center 
justify-center whitespace-nowrap text-sm font-medium transition-all 
focus-visible:outline-none focus-visible:ring-1 focus-visible:ring-ring 
disabled:pointer-events-none disabled:opacity-50 border-2 border-black 
shadow-[4px_4px_0px_0px_rgba(0,0,0,1)] 
hover:shadow-[6px_6px_0px_0px_rgba(0,0,0,1)] hover:translate-x-[-2px] 
hover:translate-y-[-2px] active:shadow-[2px_2px_0px_0px_rgba(0,0,0,1)] 
active:translate-x-[2px] active:translate-y-[2px] bg-white text-black h-10 px-4 
py-2"[39m
                    [33mtype[39m=[32m"button"[39m
                  [36m>[39m
                    [0mAnterior[0m
                  [36m</button>[39m
                  [36m<button[39m
                    [33mclass[39m=[32m"inline-flex items-center 
justify-center whitespace-nowrap text-sm font-medium transition-all 
focus-visible:outline-none focus-visible:ring-1 focus-visible:ring-ring 
disabled:pointer-events-none disabled:opacity-50 border-2 border-black 
shadow-[4px_4px_0px_0px_rgba(0,0,0,1)] 
hover:shadow-[6px_6px_0px_0px_rgba(0,0,0,1)] hover:translate-x-[-2px] 
hover:translate-y-[-2px] active:shadow-[2px_2px_0px_0px_rgba(0,0,0,1)] 
active:translate-x-[2px] active:translate-y-[2px] bg-main text-main-foreground 
h-10 px-4 py-2"[39m
                    [33mtype[39m=[32m"button"[39m
                  [36m>[39m
                    [0mTerminar[0m
                  [36m</button>[39m
                [36m</div>[39m
              [36m</div>[39m
            [36m</div>[39m
          [36m</div>[39m
        [36m</div>[39m
      [36m</div>[39m
    [36m</body>[39m

    [0m [90m 106 |[39m     [90m// Ganhos L├¡quidos: (100 * 0.50) - 10 = 50 - 
10 = 40[39m
     [90m 107 |[39m     
    [31m[1m>[22m[39m[90m 108 |[39m     expect(screen[33m.[39mgetByText([
32m"100.00Ôé¼"[39m))[33m.[39mtoBeInTheDocument()[33m;[39m [90m// Total 
Bruto[39m
     [90m     |[39m                   [31m[1m^[22m[39m
     [90m 109 |[39m     expect(screen[33m.[39mgetByText([32m"10.00Ôé¼"[39m)
)[33m.[39mtoBeInTheDocument()[33m;[39m [90m// Total Custos[39m
     [90m 110 |[39m     expect(screen[33m.[39mgetByText([32m"40.00Ôé¼"[39m)
)[33m.[39mtoBeInTheDocument()[33m;[39m [90m// Ganhos L├¡quidos[39m
     [90m 111 |[39m   })[33m;[39m[0m

      at Object.getElementError 
(node_modules/@testing-library/dom/dist/config.js:37:19)
      at getElementError 
(node_modules/@testing-library/dom/dist/query-helpers.js:20:35)
      at getMultipleElementsFoundError 
(node_modules/@testing-library/dom/dist/query-helpers.js:23:10)
      at node_modules/@testing-library/dom/dist/query-helpers.js:55:13
      at node_modules/@testing-library/dom/dist/query-helpers.js:95:19
      at Object.getByText (__tests__/form.test.tsx:108:19)

Test Suites: 1 failed, 1 total
Tests:       1 failed, 2 passed, 3 total
Snapshots:   0 total
Time:        3.358 s
Ran all test suites.
